// Jest Snapshot v1, https://goo.gl/fbAQLP

exports[`should match snapshot for MessagesPage 1`] = `
<DocumentFragment>
  <div>
    <div
      class="container-fluid"
    >
      <div
        class="row"
      >
        <div
          class="MessagesPage-MessageCol col-8"
        >
          <div
            class="MessagesPage-MessageContainer"
          >
            <div
              class="MessagePage-StartMessageContainer"
            >
              <blockquote>
                Click On A Connection To Open Up A Conversation...
              </blockquote>
            </div>
            <div
              id="message-wrapper"
            />
          </div>
        </div>
        <div
          class="MessagesPage-ConversationsCol col-4"
        >
          <div
            class="MessagesPage-ConverstaionContainer"
          >
            <div
              id="conversations-header"
            >
              <h2
                class="mt-1"
              >
                Connections
              </h2>
            </div>
            <div
              class="Conversation"
            >
              <img
                alt="Avatar Pic"
                class="Conversation-AvatarPic"
                src="some pic route"
              />
              <div
                id="message-body"
              >
                <h5>
                  TESTCONN
                </h5>
              </div>
            </div>
          </div>
        </div>
      </div>
    </div>
  </div>
</DocumentFragment>
`;
