// Jest Snapshot v1, https://goo.gl/fbAQLP

exports[`should match snapshot for UserInfoCard 1`] = `
<DocumentFragment>
  <div
    class="UserInfoCard-CardContainer"
  >
    <div
      class="UserInfoCard-Card card"
    >
      <img
        alt="Profile"
        class="card-img-top"
        id="userinfocard-profilePic"
        src=""
        width="100%"
      />
      <div
        class="card-body"
      >
        <div
          id="userinfocard-usernameBio"
        >
          <div
            class="d-flex justify-content-center"
          >
            <h1
              class="text-center me-3 card-title"
              id="userinfocard-username"
            >
              TEST1
            </h1>
            <svg
              aria-hidden="true"
              class="svg-inline--fa fa-book fa-w-14 fa-2x "
              color="#E97451"
              data-icon="book"
              data-prefix="fas"
              focusable="false"
              id="userinfocard-journalIcon"
              role="img"
              viewBox="0 0 448 512"
              xmlns="http://www.w3.org/2000/svg"
            >
              <path
                d="M448 360V24c0-13.3-10.7-24-24-24H96C43 0 0 43 0 96v320c0 53 43 96 96 96h328c13.3 0 24-10.7 24-24v-16c0-7.5-3.5-14.3-8.9-18.7-4.2-15.4-4.2-59.3 0-74.7 5.4-4.3 8.9-11.1 8.9-18.6zM128 134c0-3.3 2.7-6 6-6h212c3.3 0 6 2.7 6 6v20c0 3.3-2.7 6-6 6H134c-3.3 0-6-2.7-6-6v-20zm0 64c0-3.3 2.7-6 6-6h212c3.3 0 6 2.7 6 6v20c0 3.3-2.7 6-6 6H134c-3.3 0-6-2.7-6-6v-20zm253.4 250H96c-17.7 0-32-14.3-32-32 0-17.6 14.4-32 32-32h285.4c-1.9 17.1-1.9 46.9 0 64z"
                fill="currentColor"
              />
            </svg>
          </div>
          <div
            class="d-flex justify-content-between align-items-center"
          >
            <h6
              class="mb-2 text-muted w-100 card-subtitle"
            >
              Hi! Im Test1
            </h6>
            <svg
              aria-hidden="true"
              class="svg-inline--fa fa-edit fa-w-18 "
              data-icon="edit"
              data-prefix="fas"
              focusable="false"
              id="userinfocard-editBioIcon"
              role="img"
              viewBox="0 0 576 512"
              xmlns="http://www.w3.org/2000/svg"
            >
              <path
                d="M402.6 83.2l90.2 90.2c3.8 3.8 3.8 10 0 13.8L274.4 405.6l-92.8 10.3c-12.4 1.4-22.9-9.1-21.5-21.5l10.3-92.8L388.8 83.2c3.8-3.8 10-3.8 13.8 0zm162-22.9l-48.8-48.8c-15.2-15.2-39.9-15.2-55.2 0l-35.4 35.4c-3.8 3.8-3.8 10 0 13.8l90.2 90.2c3.8 3.8 10 3.8 13.8 0l35.4-35.4c15.2-15.3 15.2-40 0-55.2zM384 346.2V448H64V128h229.8c3.2 0 6.2-1.3 8.5-3.5l40-40c7.6-7.6 2.2-20.5-8.5-20.5H48C21.5 64 0 85.5 0 112v352c0 26.5 21.5 48 48 48h352c26.5 0 48-21.5 48-48V306.2c0-10.7-12.9-16-20.5-8.5l-40 40c-2.2 2.3-3.5 5.3-3.5 8.5z"
                fill="currentColor"
              />
            </svg>
          </div>
        </div>
        <p
          class="card-text"
          id="userinfocard-followingInfo"
        />
        <p
          id="userinfocard-followers"
        >
          <span>
            Followers:
          </span>
           0
        </p>
        <p
          id="userinfocard-following"
        >
          <span>
            Following:
          </span>
           0
        </p>
        <p />
        <form
          class="mt-3"
        >
          <div
            class="d-flex flex-column form-group"
          >
            <label
              class=""
              for="fileInput"
            >
              Change Profile Picture
            </label>
            <input
              class="form-control-file"
              id="fileInput"
              name="fileInput"
              type="file"
              value=""
            />
            <button
              class="mt-2 btn-sm btn btn-secondary"
            >
              Submit Picture Upload
            </button>
          </div>
        </form>
      </div>
    </div>
  </div>
</DocumentFragment>
`;
